../Core/Src/main.c:70:7:getVelocity	16	static
../Core/Src/main.c:75:7:getAngle	8	static
../Core/Src/main.c:79:9:getDir	4	static
../Core/Src/main.c:83:6:setDir	16	static
../Core/Src/main.c:87:6:setDuty	16	static
../Core/Src/main.c:91:6:setTs	16	static
../Core/Src/main.c:95:6:turnLED	16	static
../Core/Src/main.c:104:6:Vout2PWM	24	static
../Core/Src/main.c:119:5:main	8	static
../Core/Src/main.c:179:6:SystemClock_Config	88	static
../Core/Src/main.c:226:13:MX_TIM6_Init	16	static
../Core/Src/main.c:264:13:MX_TIM7_Init	16	static
../Core/Src/main.c:302:13:MX_TIM11_Init	40	static
../Core/Src/main.c:348:13:MX_GPIO_Init	40	static
../Core/Src/main.c:412:6:HAL_GPIO_EXTI_Callback	16	static
../Core/Src/main.c:423:6:HAL_TIM_PeriodElapsedCallback	40	static
../Core/Src/main.c:479:6:Error_Handler	4	static,ignoring_inline_asm
