../Core/Src/main.c:67:7:getVelocity	8	static
../Core/Src/main.c:71:7:getAngle	8	static
../Core/Src/main.c:75:9:getDir	4	static
../Core/Src/main.c:79:6:setDir	16	static
../Core/Src/main.c:83:6:setDuty	16	static
../Core/Src/main.c:87:6:turnLED	16	static
../Core/Src/main.c:101:5:main	8	static
../Core/Src/main.c:161:6:SystemClock_Config	88	static
../Core/Src/main.c:208:13:MX_TIM6_Init	16	static
../Core/Src/main.c:246:13:MX_TIM7_Init	16	static
../Core/Src/main.c:284:13:MX_TIM11_Init	40	static
../Core/Src/main.c:330:13:MX_GPIO_Init	40	static
../Core/Src/main.c:394:6:HAL_GPIO_EXTI_Callback	16	static
../Core/Src/main.c:405:6:HAL_TIM_PeriodElapsedCallback	16	static
../Core/Src/main.c:418:6:Error_Handler	4	static,ignoring_inline_asm
